Invalid! 
A falsifying assignment is as below: 

There is Evil : True
He would prevent Evil : True
He would know there is Evil : True
God is omnipotent : True
God is omniscient : True
there is a God : True
