Invalid! 
A falsifying assignment is as below: 

the Government will be re-elected : True
inflation rises : False
the Government resorts to deficit financing : False
Government expenditure exceeds its revenue : False
the businessmen are unhappy : False
the poor and the salaried class are unhappy : False
the businessmen will be unhappy : True
prices rise : False
taxes are increased : True
