Invalid! 
A falsifying assignment is as below: 

the Government will be re-elected : True
inflation rises : False
the Government resorts to deficit financing : False
Government expenditure will exceed its revenue : True
Government expenditure exceeds its revenue : False
the businessmen are unhappy : False
the poor and the salaried class are unhappy : False
taxes are increased : False
prices rise : False
the Government takes a loan : False
